// Jest Snapshot v1, https://goo.gl/fbAQLP

exports[`codeforces contest 277 e 1`] = `
Array [
  "edgeTot",
  "dist",
  "edges",
  "G",
]
`;

exports[`codeforces contest 1082 g 1`] = `
Array [
  "edgeTot",
  "dist",
  "edges",
  "G",
]
`;
