// Jest Snapshot v1, https://goo.gl/fbAQLP

exports[`7x7 basic 1`] = `
Object {
  "continuouslyShapeCountMap": Array [
    Array [
      Array [
        0,
        0,
        0,
      ],
      Array [
        0,
        5,
        3,
      ],
      Array [
        0,
        0,
        0,
      ],
      Array [
        0,
        0,
        0,
      ],
      Array [
        0,
        0,
        0,
      ],
      Array [
        0,
        0,
        0,
      ],
      Array [
        0,
        0,
        0,
      ],
      Array [
        0,
        0,
        0,
      ],
      Array [
        0,
        0,
        0,
      ],
      Array [
        0,
        0,
        0,
      ],
    ],
    Array [
      Array [
        0,
        0,
        0,
      ],
      Array [
        0,
        2,
        17,
      ],
      Array [
        0,
        0,
        0,
      ],
      Array [
        0,
        0,
        0,
      ],
      Array [
        0,
        0,
        0,
      ],
      Array [
        0,
        0,
        1,
      ],
      Array [
        0,
        0,
        0,
      ],
      Array [
        0,
        0,
        0,
      ],
      Array [
        0,
        0,
        0,
      ],
      Array [
        0,
        0,
        0,
      ],
    ],
  ],
  "dirCountMap": Array [
    Uint32Array [
      0,
      0,
      0,
      0,
      0,
      0,
      0,
      0,
      1,
      0,
      0,
      0,
      0,
      0,
      0,
      0,
      1,
      0,
      0,
      0,
      0,
      0,
      0,
      0,
      1,
      0,
      0,
      0,
      1,
      0,
      1,
      0,
      1,
      0,
      0,
      0,
      0,
      1,
      0,
      0,
      1,
      0,
      0,
      0,
      0,
      0,
      0,
      0,
      0,
    ],
    Uint32Array [
      0,
      0,
      0,
      0,
      0,
      0,
      0,
      0,
      1,
      0,
      0,
      0,
      0,
      0,
      0,
      0,
      1,
      0,
      0,
      0,
      0,
      0,
      0,
      0,
      1,
      0,
      0,
      0,
      1,
      0,
      1,
      0,
      1,
      0,
      0,
      0,
      0,
      1,
      0,
      0,
      1,
      0,
      0,
      0,
      0,
      0,
      0,
      0,
      0,
    ],
    Uint32Array [
      0,
      0,
      0,
      0,
      0,
      0,
      0,
      0,
      1,
      0,
      0,
      0,
      0,
      0,
      0,
      0,
      2,
      0,
      0,
      0,
      0,
      0,
      0,
      0,
      3,
      0,
      0,
      0,
      1,
      0,
      1,
      0,
      4,
      0,
      0,
      0,
      0,
      1,
      0,
      0,
      5,
      0,
      0,
      0,
      0,
      0,
      0,
      0,
      0,
    ],
    Uint32Array [
      0,
      0,
      0,
      0,
      0,
      0,
      0,
      0,
      5,
      0,
      0,
      0,
      0,
      0,
      0,
      0,
      4,
      0,
      0,
      0,
      0,
      0,
      0,
      0,
      3,
      0,
      0,
      0,
      1,
      0,
      1,
      0,
      2,
      0,
      0,
      0,
      0,
      1,
      0,
      0,
      1,
      0,
      0,
      0,
      0,
      0,
      0,
      0,
      0,
    ],
    Uint32Array [
      0,
      0,
      0,
      0,
      0,
      0,
      0,
      0,
      1,
      0,
      0,
      0,
      0,
      0,
      0,
      0,
      1,
      0,
      0,
      0,
      0,
      0,
      0,
      0,
      1,
      0,
      0,
      0,
      1,
      0,
      1,
      0,
      1,
      0,
      0,
      0,
      0,
      1,
      0,
      0,
      1,
      0,
      0,
      0,
      0,
      0,
      0,
      0,
      0,
    ],
    Uint32Array [
      0,
      0,
      0,
      0,
      0,
      0,
      0,
      0,
      1,
      0,
      0,
      0,
      0,
      0,
      0,
      0,
      1,
      0,
      0,
      0,
      0,
      0,
      0,
      0,
      1,
      0,
      0,
      0,
      1,
      0,
      1,
      0,
      1,
      0,
      0,
      0,
      0,
      1,
      0,
      0,
      1,
      0,
      0,
      0,
      0,
      0,
      0,
      0,
      0,
    ],
    Uint32Array [
      0,
      0,
      0,
      0,
      0,
      0,
      0,
      0,
      1,
      0,
      0,
      0,
      0,
      0,
      0,
      0,
      1,
      0,
      0,
      0,
      0,
      0,
      0,
      0,
      1,
      0,
      0,
      0,
      1,
      0,
      1,
      0,
      1,
      0,
      0,
      0,
      0,
      1,
      0,
      0,
      1,
      0,
      0,
      0,
      0,
      0,
      0,
      0,
      0,
    ],
    Uint32Array [
      0,
      0,
      0,
      0,
      0,
      0,
      0,
      0,
      1,
      0,
      0,
      0,
      0,
      0,
      0,
      0,
      1,
      0,
      0,
      0,
      0,
      0,
      0,
      0,
      1,
      0,
      0,
      0,
      1,
      0,
      1,
      0,
      1,
      0,
      0,
      0,
      0,
      1,
      0,
      0,
      1,
      0,
      0,
      0,
      0,
      0,
      0,
      0,
      0,
    ],
  ],
  "gapShapeCountMap": Array [
    Array [
      Array [
        0,
        0,
        0,
      ],
      Array [
        0,
        0,
        0,
      ],
      Array [
        0,
        1,
        0,
      ],
      Array [
        0,
        0,
        0,
      ],
      Array [
        0,
        0,
        0,
      ],
      Array [
        0,
        0,
        0,
      ],
      Array [
        0,
        0,
        0,
      ],
      Array [
        0,
        0,
        0,
      ],
      Array [
        0,
        0,
        0,
      ],
      Array [
        0,
        0,
        0,
      ],
    ],
    Array [
      Array [
        0,
        0,
        0,
      ],
      Array [
        0,
        0,
        0,
      ],
      Array [
        0,
        0,
        0,
      ],
      Array [
        0,
        0,
        0,
      ],
      Array [
        0,
        0,
        0,
      ],
      Array [
        0,
        0,
        0,
      ],
      Array [
        0,
        0,
        0,
      ],
      Array [
        0,
        0,
        0,
      ],
      Array [
        0,
        0,
        0,
      ],
      Array [
        0,
        0,
        0,
      ],
    ],
  ],
}
`;
